2603MarzoJunio2106 password

Usuario@EzauZuMe MINGW64 ~/Desktop/SCNI
$ git init
Initialized empty Git repository in C:/Users/Usuario/Desktop/SCNI/.git/

Usuario@EzauZuMe MINGW64 ~/Desktop/SCNI (master)
$ git status
On branch master

No commits yet

Untracked files:
  (use "git add <file>..." to include in what will be committed)

        MATRIZ DE ARQUITECTURA.docx

nothing added to commit but untracked files present (use "git add" to track)

Usuario@EzauZuMe MINGW64 ~/Desktop/SCNI (master)
$ git add .

Usuario@EzauZuMe MINGW64 ~/Desktop/SCNI (master)
$ git commit -m "Arquitectura de Proyecto"
[master (root-commit) e2f0e45] Arquitectura de Proyecto
 1 file changed, 0 insertions(+), 0 deletions(-)
 create mode 100644 MATRIZ DE ARQUITECTURA.docx

Usuario@EzauZuMe MINGW64 ~/Desktop/SCNI (master)
$ git remote add origin https://github.com/JoseEzau/SCNI.git

Usuario@EzauZuMe MINGW64 ~/Desktop/SCNI (master)
$ git push -u origin master
Enumerating objects: 3, done.
Counting objects: 100% (3/3), done.
Delta compression using up to 4 threads.
Compressing objects: 100% (3/3), done.
Writing objects: 100% (3/3), 63.08 KiB | 5.26 MiB/s, done.
Total 3 (delta 0), reused 0 (delta 0)
To https://github.com/JoseEzau/SCNI.git
 * [new branch]      master -> master
Branch 'master' set up to track remote branch 'master' from 'origin'.

Usuario@EzauZuMe MINGW64 ~/Desktop/SCNI (master)
$ git fetch

Usuario@EzauZuMe MINGW64 ~/Desktop/SCNI (master)
$ git checkout develop
error: pathspec 'develop' did not match any file(s) known to git.

Usuario@EzauZuMe MINGW64 ~/Desktop/SCNI (master)
$ git fetch
From https://github.com/JoseEzau/SCNI
 * [new branch]      develop    -> origin/develop

Usuario@EzauZuMe MINGW64 ~/Desktop/SCNI (master)
$ git checkout develop
Switched to a new branch 'develop'
Branch 'develop' set up to track remote branch 'develop' from 'origin'.

Usuario@EzauZuMe MINGW64 ~/Desktop/SCNI (develop)
$ git checkout master
Switched to branch 'master'
Your branch is up to date with 'origin/master'.

Usuario@EzauZuMe MINGW64 ~/Desktop/SCNI (master)
$
